// Vitest Snapshot v1, https://vitest.dev/guide/snapshot.html

exports[`App component > snapshot 1`] = `"x"`;
